[backblue.gif]
[fade.gif]
[index.html]
[pro.fontawesome.com/releases/v5.10.0/css/all.css]
[html.designingmedia.com/dezvu/assets/image/logo-img.png]
[html.designingmedia.com/dezvu/assets/image/banner-right-img.png]
[html.designingmedia.com/dezvu/assets/image/sloution-box-lft-img.png]
[html.designingmedia.com/dezvu/assets/image/sloution-box-right-img.png]
[html.designingmedia.com/dezvu/assets/image/service-icon1.png]
[html.designingmedia.com/dezvu/assets/image/service-icon2.png]
[html.designingmedia.com/dezvu/assets/image/service-icon3.png]
[html.designingmedia.com/dezvu/assets/image/like-icon.png]
[html.designingmedia.com/dezvu/assets/image/designer-img.png]
[html.designingmedia.com/dezvu/assets/image/help-left-img.png]
[html.designingmedia.com/dezvu/assets/image/commetns-img.png]
[html.designingmedia.com/dezvu/assets/image/help-right-icon.png]
[html.designingmedia.com/dezvu/assets/image/zeplin-icon.png]
[html.designingmedia.com/dezvu/assets/image/dropbox-icon.png]
[html.designingmedia.com/dezvu/assets/image/shopify-icon.png]
[html.designingmedia.com/dezvu/assets/image/slack--icon.png]
[html.designingmedia.com/dezvu/assets/image/woocommerce-icon.png]
[html.designingmedia.com/dezvu/assets/image/work-portfolio-img1.png]
[html.designingmedia.com/dezvu/assets/image/work-portfolio-img2.png]
[html.designingmedia.com/dezvu/assets/image/work-portfolio-img3.png]
[html.designingmedia.com/dezvu/assets/image/work-portfolio-img4.png]
[html.designingmedia.com/dezvu/assets/image/tastimonials-img.png]
[html.designingmedia.com/dezvu/assets/image/quote-icon.png]
[html.designingmedia.com/dezvu/assets/js/wow.js]
[html.designingmedia.com/dezvu/assets/js/jquery-3.6.0.min.js]
[html.designingmedia.com/dezvu/assets/js/popper.min.js]
[html.designingmedia.com/dezvu/assets/js/bootstrap.min.js]
[html.designingmedia.com/dezvu/assets/js/custom-script.js]
[html.designingmedia.com/dezvu/index.html]
[html.designingmedia.com/dezvu/assets/css/animate.css]
[pro.fontawesome.com/releases/v5.10.0/css/all.css]
[html.designingmedia.com/dezvu/assets/bootstarp/bootstrap.min.css]
[html.designingmedia.com/dezvu/assets/image/dotted-img.png]
[html.designingmedia.com/dezvu/assets/css/super-classes.css]
[html.designingmedia.com/dezvu/assets/image/banner-bg-img.png]
[html.designingmedia.com/dezvu/assets/image/sloution-box-bg-img.png]
[html.designingmedia.com/dezvu/assets/image/human-img.png]
[html.designingmedia.com/dezvu/assets/image/help-bg-img.jpg]
[html.designingmedia.com/dezvu/assets/image/work-bg-img.jpg]
[html.designingmedia.com/dezvu/assets/image/tastimonials-bg-img.png]
[html.designingmedia.com/dezvu/assets/image/tastimonials-lft-bg-img.png]
[html.designingmedia.com/dezvu/assets/image/human-img2.png]
[html.designingmedia.com/dezvu/assets/image/weight-footer-img.jpg]
[html.designingmedia.com/dezvu/assets/image/generic-banner.png]
[html.designingmedia.com/dezvu/assets/image/service-build-img.jpg]
[html.designingmedia.com/dezvu/assets/image/experiences-bg-img.jpg]
[html.designingmedia.com/dezvu/assets/image/team-bg-img.jpg]
[html.designingmedia.com/dezvu/assets/css/style.css]
[html.designingmedia.com/dezvu/assets/css/mobile.css]
[html.designingmedia.com/dezvu/index-2.html]
[html.designingmedia.com/dezvu/assets/image/digital-marketing-icon.png]
[html.designingmedia.com/dezvu/assets/image/marketing-icon.png]
[html.designingmedia.com/dezvu/assets/image/ads-icon.png]
[html.designingmedia.com/dezvu/assets/image/transforming-icon.png]
[html.designingmedia.com/dezvu/assets/image/service-build-left-img.png]
[html.designingmedia.com/dezvu/assets/image/diamond-icon.png]
[html.designingmedia.com/dezvu/assets/image/strategic-left-icon.png]
[html.designingmedia.com/dezvu/assets/image/strategic-img.png]
[html.designingmedia.com/dezvu/assets/image/file-icon.png]
[html.designingmedia.com/dezvu/service.html]
[html.designingmedia.com/dezvu/portfolio.html]
[html.designingmedia.com/dezvu/assets/image/team-img1.png]
[html.designingmedia.com/dezvu/assets/image/team-img2.png]
[html.designingmedia.com/dezvu/assets/image/team-img3.png]
[html.designingmedia.com/dezvu/about.html]
[html.designingmedia.com/dezvu/assets/image/price-icon1.png]
[html.designingmedia.com/dezvu/assets/image/price-icon2.png]
[html.designingmedia.com/dezvu/assets/image/price-icon3.png]
[html.designingmedia.com/dezvu/price-plan.html]
[html.designingmedia.com/dezvu/contact.html]
[html.designingmedia.com/dezvu/assets/image/standard_post_img01.jpg]
[html.designingmedia.com/dezvu/assets/image/standard_post_img02.jpg]
[html.designingmedia.com/dezvu/assets/image/standard_post_img03.jpg]
[html.designingmedia.com/dezvu/blog.html]
[html.designingmedia.com/dezvu/assets/image/standard_post_img06.jpg]
[html.designingmedia.com/dezvu/assets/image/standard_post_img05.jpg]
[html.designingmedia.com/dezvu/assets/image/standard_post_img04.jpg]
[html.designingmedia.com/dezvu/four-column.html]
[html.designingmedia.com/dezvu/infinite-scroll.html]
[html.designingmedia.com/dezvu/load-more.html]
[html.designingmedia.com/dezvu/assets/image/post-featured.jpg]
[html.designingmedia.com/dezvu/assets/image/post-featured2.jpg]
[html.designingmedia.com/dezvu/assets/image/post-featured3.jpg]
[html.designingmedia.com/dezvu/assets/image/post-featured4.jpg]
[html.designingmedia.com/dezvu/one-column.html]
[html.designingmedia.com/dezvu/six-colum-full-wide.html]
[html.designingmedia.com/dezvu/three-column.html]
[html.designingmedia.com/dezvu/assets/image/side_post_img01.jpg]
[html.designingmedia.com/dezvu/assets/image/side_post_img02.jpg]
[html.designingmedia.com/dezvu/assets/image/side_post_img03.jpg]
[html.designingmedia.com/dezvu/three-colum-sidbar.html]
[html.designingmedia.com/dezvu/two-column.html]
[html.designingmedia.com/dezvu/team-detail.html]
[html.designingmedia.com/dezvu/assets/image/review1.jpg]
[html.designingmedia.com/dezvu/assets/image/review2.jpg]
[html.designingmedia.com/dezvu/single-post.html]
[html.designingmedia.com/dezvu/assets/image/icon-folder.png]
[html.designingmedia.com/dezvu/assets/css/custom-style.css]
[html.designingmedia.com/dezvu/horse.html]
[html.designingmedia.com/dezvu/assets/audio/horse.html]
